// Jest Snapshot v1, https://goo.gl/fbAQLP

exports[`selectTemplates defaults and overrides heading styles are bold across templates 1`] = `
{
  "2025": "h2 {\n    font-size: 1.5rem;\n    font-weight: 700;\n    margin-top: 2.5rem;\n    margin-bottom: 0.75rem;\n    color: var(--accent);\n    border-bottom: 2px solid var(--accent);\n    padding-bottom: 0.25rem;\n  }",
  "modern": "h2 { font-size: 20px; margin: 24px 0 12px; border-bottom: 1px solid #2a9d8f; padding-bottom: 4px; font-weight: 700; }",
  "professional": "h2 { font-size: 20px; color: #1d3557; margin: 30px 0 16px; border-bottom: 1px solid #1d3557; padding-bottom: 4px; font-weight: 700; }",
  "ucmo": "h2 { font-size: 18px; margin: 30px 0 12px; background: #f2f2f2; padding: 6px 10px; color: #990000; font-weight: 700; text-transform: uppercase; }",
   "vibrant": "h2 { font-size: 20px; color: #ff6b6b; margin: 24px 0 12px; border-bottom: 2px solid #ff6b6b; padding-bottom: 4px; font-weight: 700; }",
   "sleek": "h2 {\n  font-size: 20px;\n  color: #4a90e2;\n  border-bottom: 2px solid #4a90e2;\n  padding-bottom: 4px;\n  margin: 24px 0 12px;\n  font-weight: 700;\n}",
 }
`;
